During startup - Warning messages:
1: Setting LC_COLLATE=C.UTF-8 failed 
2: Setting LC_CTYPE=C.UTF-8 failed 
3: Setting LC_MONETARY=C.UTF-8 failed 
4: Setting LC_TIME=C.UTF-8 failed 
START GSE245386 GSM7841722 genes 32245 cells 9625 nnz 28874713 
--------------------------------------------------
Starting DecontX
--------------------------------------------------
Fri Sep 11 00:45:39 2026 .. Analyzing all cells
Fri Sep 11 00:45:39 2026 .... Generating UMAP
Fri Sep 11 00:47:13 2026 .... Estimating contamination
Fri Sep 11 00:47:21 2026 ...... Completed iteration: 10 | converge: 0.0202
Fri Sep 11 00:47:26 2026 ...... Completed iteration: 20 | converge: 0.006744
Fri Sep 11 00:47:31 2026 ...... Completed iteration: 30 | converge: 0.003337
Fri Sep 11 00:47:36 2026 ...... Completed iteration: 40 | converge: 0.002149
Fri Sep 11 00:47:40 2026 ...... Completed iteration: 50 | converge: 0.00116
Fri Sep 11 00:47:42 2026 ...... Completed iteration: 53 | converge: 0.0009974
Fri Sep 11 00:47:42 2026 .. Calculating final decontaminated matrix
--------------------------------------------------
Completed DecontX. Total time: 2.260711 mins
--------------------------------------------------
Warning messages:
1: In .library_size_factors(assay(x, assay.type), ...) :
  'librarySizeFactors' is deprecated.
Use 'scrapper::centerSizeFactors' instead.
See help("Deprecated")
2: In .local(x, ...) : 'normalizeCounts' is deprecated.
Use 'scrapper::normalizeCounts' instead.
See help("Deprecated")
NULL
COMPLETE GSM7841722 median_contamination 0.03984057 
