During startup - Warning messages:
1: Setting LC_COLLATE=C.UTF-8 failed 
2: Setting LC_CTYPE=C.UTF-8 failed 
3: Setting LC_MONETARY=C.UTF-8 failed 
4: Setting LC_TIME=C.UTF-8 failed 
START GSE174574 GSM5319992 genes 27933 cells 8080 nnz 13429360 
--------------------------------------------------
Starting DecontX
--------------------------------------------------
Fri Sep 11 01:05:32 2026 .. Analyzing all cells
Fri Sep 11 01:05:32 2026 .... Generating UMAP
Fri Sep 11 01:06:29 2026 .... Estimating contamination
Fri Sep 11 01:06:33 2026 ...... Completed iteration: 10 | converge: 0.1415
Fri Sep 11 01:06:36 2026 ...... Completed iteration: 20 | converge: 0.02012
Fri Sep 11 01:06:38 2026 ...... Completed iteration: 30 | converge: 0.01492
Fri Sep 11 01:06:41 2026 ...... Completed iteration: 40 | converge: 0.008148
Fri Sep 11 01:06:43 2026 ...... Completed iteration: 50 | converge: 0.003828
Fri Sep 11 01:06:46 2026 ...... Completed iteration: 60 | converge: 0.002991
Fri Sep 11 01:06:49 2026 ...... Completed iteration: 70 | converge: 0.002549
Fri Sep 11 01:06:51 2026 ...... Completed iteration: 80 | converge: 0.0022
Fri Sep 11 01:06:53 2026 ...... Completed iteration: 90 | converge: 0.001945
Fri Sep 11 01:06:54 2026 ...... Completed iteration: 100 | converge: 0.001743
Fri Sep 11 01:06:56 2026 ...... Completed iteration: 110 | converge: 0.001577
Fri Sep 11 01:06:58 2026 ...... Completed iteration: 120 | converge: 0.001425
Fri Sep 11 01:07:00 2026 ...... Completed iteration: 130 | converge: 0.001298
Fri Sep 11 01:07:02 2026 ...... Completed iteration: 140 | converge: 0.0012
Fri Sep 11 01:07:04 2026 ...... Completed iteration: 150 | converge: 0.001127
Fri Sep 11 01:07:06 2026 ...... Completed iteration: 160 | converge: 0.00107
Fri Sep 11 01:07:08 2026 ...... Completed iteration: 170 | converge: 0.001028
Fri Sep 11 01:07:10 2026 ...... Completed iteration: 180 | converge: 0.001017
Fri Sep 11 01:07:11 2026 ...... Completed iteration: 190 | converge: 0.001058
Fri Sep 11 01:07:13 2026 ...... Completed iteration: 200 | converge: 0.001109
Fri Sep 11 01:07:14 2026 ...... Completed iteration: 210 | converge: 0.00117
Fri Sep 11 01:07:17 2026 ...... Completed iteration: 220 | converge: 0.001225
Fri Sep 11 01:07:19 2026 ...... Completed iteration: 230 | converge: 0.001284
Fri Sep 11 01:07:22 2026 ...... Completed iteration: 240 | converge: 0.001335
Fri Sep 11 01:07:24 2026 ...... Completed iteration: 250 | converge: 0.001381
Fri Sep 11 01:07:25 2026 ...... Completed iteration: 260 | converge: 0.001421
Fri Sep 11 01:07:28 2026 ...... Completed iteration: 270 | converge: 0.001456
Fri Sep 11 01:07:30 2026 ...... Completed iteration: 280 | converge: 0.001485
Fri Sep 11 01:07:32 2026 ...... Completed iteration: 290 | converge: 0.001511
Fri Sep 11 01:07:33 2026 ...... Completed iteration: 300 | converge: 0.001538
Fri Sep 11 01:07:35 2026 ...... Completed iteration: 310 | converge: 0.001568
Fri Sep 11 01:07:36 2026 ...... Completed iteration: 320 | converge: 0.001606
Fri Sep 11 01:07:40 2026 ...... Completed iteration: 330 | converge: 0.001716
Fri Sep 11 01:07:44 2026 ...... Completed iteration: 340 | converge: 0.001832
Fri Sep 11 01:07:48 2026 ...... Completed iteration: 350 | converge: 0.001956
Fri Sep 11 01:07:52 2026 ...... Completed iteration: 360 | converge: 0.002083
Fri Sep 11 01:07:56 2026 ...... Completed iteration: 370 | converge: 0.00221
Fri Sep 11 01:08:00 2026 ...... Completed iteration: 380 | converge: 0.002341
Fri Sep 11 01:08:04 2026 ...... Completed iteration: 390 | converge: 0.002475
Fri Sep 11 01:08:06 2026 ...... Completed iteration: 400 | converge: 0.002606
Fri Sep 11 01:08:08 2026 ...... Completed iteration: 410 | converge: 0.002723
Fri Sep 11 01:08:10 2026 ...... Completed iteration: 420 | converge: 0.00279
Fri Sep 11 01:08:11 2026 ...... Completed iteration: 430 | converge: 0.00291
Fri Sep 11 01:08:21 2026 ...... Completed iteration: 440 | converge: 0.0032
Fri Sep 11 01:08:23 2026 ...... Completed iteration: 450 | converge: 0.003469
Fri Sep 11 01:08:25 2026 ...... Completed iteration: 460 | converge: 0.003699
Fri Sep 11 01:08:27 2026 ...... Completed iteration: 470 | converge: 0.004025
Fri Sep 11 01:08:29 2026 ...... Completed iteration: 480 | converge: 0.004365
Fri Sep 11 01:08:31 2026 ...... Completed iteration: 490 | converge: 0.004566
Fri Sep 11 01:08:32 2026 ...... Completed iteration: 500 | converge: 0.004584
Fri Sep 11 01:08:35 2026 ...... Completed iteration: 510 | converge: 0.004571
Fri Sep 11 01:08:37 2026 ...... Completed iteration: 520 | converge: 0.004505
Fri Sep 11 01:08:39 2026 ...... Completed iteration: 530 | converge: 0.00431
Fri Sep 11 01:08:41 2026 ...... Completed iteration: 540 | converge: 0.003993
Fri Sep 11 01:08:43 2026 ...... Completed iteration: 550 | converge: 0.00356
Fri Sep 11 01:08:45 2026 ...... Completed iteration: 560 | converge: 0.003085
Fri Sep 11 01:08:46 2026 ...... Completed iteration: 570 | converge: 0.00265
Fri Sep 11 01:08:48 2026 ...... Completed iteration: 580 | converge: 0.002282
Fri Sep 11 01:08:49 2026 ...... Completed iteration: 590 | converge: 0.001967
Fri Sep 11 01:08:51 2026 ...... Completed iteration: 600 | converge: 0.001692
Fri Sep 11 01:08:53 2026 ...... Completed iteration: 610 | converge: 0.001461
Fri Sep 11 01:08:54 2026 ...... Completed iteration: 620 | converge: 0.001267
Fri Sep 11 01:08:56 2026 ...... Completed iteration: 630 | converge: 0.001101
Fri Sep 11 01:08:57 2026 ...... Completed iteration: 637 | converge: 0.0009979
Fri Sep 11 01:08:57 2026 .. Calculating final decontaminated matrix
--------------------------------------------------
Completed DecontX. Total time: 3.47982 mins
--------------------------------------------------
Warning messages:
1: In .library_size_factors(assay(x, assay.type), ...) :
  'librarySizeFactors' is deprecated.
Use 'scrapper::centerSizeFactors' instead.
See help("Deprecated")
2: In .local(x, ...) : 'normalizeCounts' is deprecated.
Use 'scrapper::normalizeCounts' instead.
See help("Deprecated")
COMPLETE GSM5319992 median_contamination 0.0613948 
