During startup - Warning messages:
1: Setting LC_COLLATE=C.UTF-8 failed 
2: Setting LC_CTYPE=C.UTF-8 failed 
3: Setting LC_MONETARY=C.UTF-8 failed 
4: Setting LC_TIME=C.UTF-8 failed 
START GSE245386 GSM7841720 genes 32245 cells 15206 nnz 34488749 
--------------------------------------------------
Starting DecontX
--------------------------------------------------
Fri Sep 11 00:26:47 2026 .. Analyzing all cells
Fri Sep 11 00:26:47 2026 .... Generating UMAP
Fri Sep 11 00:28:25 2026 .... Estimating contamination
Fri Sep 11 00:28:35 2026 ...... Completed iteration: 10 | converge: 0.02667
Fri Sep 11 00:28:39 2026 ...... Completed iteration: 20 | converge: 0.01448
Fri Sep 11 00:28:43 2026 ...... Completed iteration: 30 | converge: 0.008459
Fri Sep 11 00:28:48 2026 ...... Completed iteration: 40 | converge: 0.005211
Fri Sep 11 00:28:52 2026 ...... Completed iteration: 50 | converge: 0.003053
Fri Sep 11 00:28:57 2026 ...... Completed iteration: 60 | converge: 0.001643
Fri Sep 11 00:29:01 2026 ...... Completed iteration: 68 | converge: 0.0009548
Fri Sep 11 00:29:01 2026 .. Calculating final decontaminated matrix
--------------------------------------------------
Completed DecontX. Total time: 2.55092 mins
--------------------------------------------------
Warning messages:
1: In .library_size_factors(assay(x, assay.type), ...) :
  'librarySizeFactors' is deprecated.
Use 'scrapper::centerSizeFactors' instead.
See help("Deprecated")
2: In .local(x, ...) : 'normalizeCounts' is deprecated.
Use 'scrapper::normalizeCounts' instead.
See help("Deprecated")
NULL
Error: unexpected symbol in:
"                  convergence=0.001,iterLogLik=10,numerical_threads=1),
                runParams=fit$runParams,estimates_comp  convergence"
Execution halted
