During startup - Warning messages:
1: Setting LC_COLLATE=C.UTF-8 failed 
2: Setting LC_CTYPE=C.UTF-8 failed 
3: Setting LC_MONETARY=C.UTF-8 failed 
4: Setting LC_TIME=C.UTF-8 failed 
START GSE245386 GSM7841721 genes 32245 cells 10017 nnz 30123635 
--------------------------------------------------
Starting DecontX
--------------------------------------------------
Fri Sep 11 00:38:14 2026 .. Analyzing all cells
Fri Sep 11 00:38:15 2026 .... Generating UMAP
Fri Sep 11 00:39:04 2026 .... Estimating contamination
Fri Sep 11 00:39:10 2026 ...... Completed iteration: 10 | converge: 0.03862
Fri Sep 11 00:39:15 2026 ...... Completed iteration: 20 | converge: 0.01131
Fri Sep 11 00:39:22 2026 ...... Completed iteration: 30 | converge: 0.004817
Fri Sep 11 00:39:29 2026 ...... Completed iteration: 40 | converge: 0.002468
Fri Sep 11 00:39:37 2026 ...... Completed iteration: 50 | converge: 0.001337
Fri Sep 11 00:39:41 2026 ...... Completed iteration: 56 | converge: 0.0009538
Fri Sep 11 00:39:41 2026 .. Calculating final decontaminated matrix
--------------------------------------------------
Completed DecontX. Total time: 1.994796 mins
--------------------------------------------------
Warning messages:
1: In .library_size_factors(assay(x, assay.type), ...) :
  'librarySizeFactors' is deprecated.
Use 'scrapper::centerSizeFactors' instead.
See help("Deprecated")
2: In .local(x, ...) : 'normalizeCounts' is deprecated.
Use 'scrapper::normalizeCounts' instead.
See help("Deprecated")
NULL
COMPLETE GSM7841721 median_contamination 0.04437737 
