During startup - Warning messages:
1: Setting LC_COLLATE=C.UTF-8 failed 
2: Setting LC_CTYPE=C.UTF-8 failed 
3: Setting LC_MONETARY=C.UTF-8 failed 
4: Setting LC_TIME=C.UTF-8 failed 
START GSE245386 GSM7841723 genes 32245 cells 9852 nnz 31369897 
--------------------------------------------------
Starting DecontX
--------------------------------------------------
Fri Sep 11 00:56:14 2026 .. Analyzing all cells
Fri Sep 11 00:56:14 2026 .... Generating UMAP
Fri Sep 11 00:57:49 2026 .... Estimating contamination
Fri Sep 11 00:57:58 2026 ...... Completed iteration: 10 | converge: 0.02603
Fri Sep 11 00:58:05 2026 ...... Completed iteration: 20 | converge: 0.007506
Fri Sep 11 00:58:10 2026 ...... Completed iteration: 30 | converge: 0.004379
Fri Sep 11 00:58:14 2026 ...... Completed iteration: 40 | converge: 0.002823
Fri Sep 11 00:58:18 2026 ...... Completed iteration: 50 | converge: 0.002021
Fri Sep 11 00:58:22 2026 ...... Completed iteration: 60 | converge: 0.001608
Fri Sep 11 00:58:26 2026 ...... Completed iteration: 70 | converge: 0.001228
Fri Sep 11 00:58:34 2026 ...... Completed iteration: 77 | converge: 0.0009716
Fri Sep 11 00:58:34 2026 .. Calculating final decontaminated matrix
--------------------------------------------------
Completed DecontX. Total time: 2.746866 mins
--------------------------------------------------
Warning messages:
1: In .library_size_factors(assay(x, assay.type), ...) :
  'librarySizeFactors' is deprecated.
Use 'scrapper::centerSizeFactors' instead.
See help("Deprecated")
2: In .local(x, ...) : 'normalizeCounts' is deprecated.
Use 'scrapper::normalizeCounts' instead.
See help("Deprecated")
COMPLETE GSM7841723 median_contamination 0.05098416 
