During startup - Warning messages:
1: Setting LC_COLLATE=C.UTF-8 failed 
2: Setting LC_CTYPE=C.UTF-8 failed 
3: Setting LC_MONETARY=C.UTF-8 failed 
4: Setting LC_TIME=C.UTF-8 failed 
START GSE174574 GSM5319987 genes 27933 cells 8753 nnz 11711773 
--------------------------------------------------
Starting DecontX
--------------------------------------------------
Fri Sep 11 00:02:43 2026 .. Analyzing all cells
Fri Sep 11 00:02:43 2026 .... Generating UMAP
Fri Sep 11 00:03:46 2026 .... Estimating contamination
Fri Sep 11 00:03:49 2026 ...... Completed iteration: 10 | converge: 0.03726
Fri Sep 11 00:03:50 2026 ...... Completed iteration: 20 | converge: 0.02392
Fri Sep 11 00:03:52 2026 ...... Completed iteration: 30 | converge: 0.003413
Fri Sep 11 00:03:55 2026 ...... Completed iteration: 40 | converge: 0.002148
Fri Sep 11 00:03:57 2026 ...... Completed iteration: 50 | converge: 0.001503
Fri Sep 11 00:03:58 2026 ...... Completed iteration: 60 | converge: 0.001522
Fri Sep 11 00:04:00 2026 ...... Completed iteration: 70 | converge: 0.00103
Fri Sep 11 00:04:01 2026 ...... Completed iteration: 71 | converge: 0.0009776
Fri Sep 11 00:04:01 2026 .. Calculating final decontaminated matrix
--------------------------------------------------
Completed DecontX. Total time: 1.368138 mins
--------------------------------------------------
Warning messages:
1: In .library_size_factors(assay(x, assay.type), ...) :
  'librarySizeFactors' is deprecated.
Use 'scrapper::centerSizeFactors' instead.
See help("Deprecated")
2: In .local(x, ...) : 'normalizeCounts' is deprecated.
Use 'scrapper::normalizeCounts' instead.
See help("Deprecated")
NULL
COMPLETE GSM5319987 median_contamination 0.05409346 
