During startup - Warning messages:
1: Setting LC_COLLATE=C.UTF-8 failed 
2: Setting LC_CTYPE=C.UTF-8 failed 
3: Setting LC_MONETARY=C.UTF-8 failed 
4: Setting LC_TIME=C.UTF-8 failed 
START GSE245386 GSM7841724 genes 32245 cells 12322 nnz 38043323 
--------------------------------------------------
Starting DecontX
--------------------------------------------------
Fri Sep 11 01:00:52 2026 .. Analyzing all cells
Fri Sep 11 01:00:53 2026 .... Generating UMAP
Fri Sep 11 01:02:11 2026 .... Estimating contamination
Fri Sep 11 01:02:20 2026 ...... Completed iteration: 10 | converge: 0.02248
Fri Sep 11 01:02:25 2026 ...... Completed iteration: 20 | converge: 0.006341
Fri Sep 11 01:02:30 2026 ...... Completed iteration: 30 | converge: 0.002937
Fri Sep 11 01:02:35 2026 ...... Completed iteration: 40 | converge: 0.00155
Fri Sep 11 01:02:39 2026 ...... Completed iteration: 50 | converge: 0.001227
Fri Sep 11 01:02:42 2026 ...... Completed iteration: 55 | converge: 0.0009651
Fri Sep 11 01:02:42 2026 .. Calculating final decontaminated matrix
--------------------------------------------------
Completed DecontX. Total time: 2.247342 mins
--------------------------------------------------
Warning messages:
1: In .library_size_factors(assay(x, assay.type), ...) :
  'librarySizeFactors' is deprecated.
Use 'scrapper::centerSizeFactors' instead.
See help("Deprecated")
2: In .local(x, ...) : 'normalizeCounts' is deprecated.
Use 'scrapper::normalizeCounts' instead.
See help("Deprecated")
COMPLETE GSM7841724 median_contamination 0.06027748 
